IDA has found an unpacked version of database: C:\Users\jorge\OneDrive\Desktop\ts\Maplestory95.exe.i64
on the disk.

Should we proceed with the unpacked files?
 -> Pro~c~eed with unpacked base

  bytes   pages size description
--------- ----- ---- --------------------------------------------
 97779712 11936 8192 allocating memory for b-tree...
 53698560  6555 8192 allocating memory for virtual array...
   262144    32 8192 allocating memory for name pointers...
-----------------------------------------------------------------
151740416            total memory allocated

Loading processor module C:\Program Files\IDA Professional 9.3\procs\pc.dll for metapc...OK
Loading type libraries...
Autoanalysis subsystem has been initialized.
Database for file 'Maplestory95.exe' has been loaded.
Hex-Rays Decompiler plugin has been loaded (v9.3.0.260421)
  The hotkeys are F5: decompile, Ctrl-F5: decompile all.

  Please check the Edit/Plugins menu for more information.
Hex-rays version 9.3.0.260421 has been detected, gooMBA plugin ready to use
Using type parser: legacy
5C9E70: restored microcode from idb
5C9E70: restored pseudocode from idb
wrote tools/_out.json
Flushing buffers, please wait...ok
Unloading IDP module C:\Program Files\IDA Professional 9.3\procs\pc.dll...
  bytes   pages size description
--------- ----- ---- --------------------------------------------
 97959936 11958 8192 allocating memory for b-tree...
 53698560  6555 8192 allocating memory for virtual array...
   262144    32 8192 allocating memory for name pointers...
-----------------------------------------------------------------
151920640            total memory allocated

Loading processor module C:\Program Files\IDA Professional 9.3\procs\pc.dll for metapc...OK
Loading type libraries...
Autoanalysis subsystem has been initialized.
Database for file 'Maplestory95.exe' has been loaded.
Hex-Rays Decompiler plugin has been loaded (v9.3.0.260421)
  The hotkeys are F5: decompile, Ctrl-F5: decompile all.

  Please check the Edit/Plugins menu for more information.
Hex-rays version 9.3.0.260421 has been detected, gooMBA plugin ready to use
Using type parser: legacy
5C9E70: restored microcode from idb
5C9E70: restored pseudocode from idb
wrote tools/_out.json
Flushing buffers, please wait...ok
Unloading IDP module C:\Program Files\IDA Professional 9.3\procs\pc.dll...
  bytes   pages size description
--------- ----- ---- --------------------------------------------
 97959936 11958 8192 allocating memory for b-tree...
 53698560  6555 8192 allocating memory for virtual array...
   262144    32 8192 allocating memory for name pointers...
-----------------------------------------------------------------
151920640            total memory allocated

Loading processor module C:\Program Files\IDA Professional 9.3\procs\pc.dll for metapc...OK
Loading type libraries...
Autoanalysis subsystem has been initialized.
Database for file 'Maplestory95.exe' has been loaded.
Hex-Rays Decompiler plugin has been loaded (v9.3.0.260421)
  The hotkeys are F5: decompile, Ctrl-F5: decompile all.

  Please check the Edit/Plugins menu for more information.
Hex-rays version 9.3.0.260421 has been detected, gooMBA plugin ready to use
Using type parser: legacy
wrote tools/_out.json
Flushing buffers, please wait...ok
Unloading IDP module C:\Program Files\IDA Professional 9.3\procs\pc.dll...
  bytes   pages size description
--------- ----- ---- --------------------------------------------
 97959936 11958 8192 allocating memory for b-tree...
 53698560  6555 8192 allocating memory for virtual array...
   262144    32 8192 allocating memory for name pointers...
-----------------------------------------------------------------
151920640            total memory allocated

Loading processor module C:\Program Files\IDA Professional 9.3\procs\pc.dll for metapc...OK
Loading type libraries...
Autoanalysis subsystem has been initialized.
Database for file 'Maplestory95.exe' has been loaded.
Hex-Rays Decompiler plugin has been loaded (v9.3.0.260421)
  The hotkeys are F5: decompile, Ctrl-F5: decompile all.

  Please check the Edit/Plugins menu for more information.
Hex-rays version 9.3.0.260421 has been detected, gooMBA plugin ready to use
Using type parser: legacy
5CA210: restored microcode from idb
5CA210: restored pseudocode from idb
wrote tools/_out.json
Flushing buffers, please wait...ok
Unloading IDP module C:\Program Files\IDA Professional 9.3\procs\pc.dll...
  bytes   pages size description
--------- ----- ---- --------------------------------------------
 97959936 11958 8192 allocating memory for b-tree...
 53698560  6555 8192 allocating memory for virtual array...
   262144    32 8192 allocating memory for name pointers...
-----------------------------------------------------------------
151920640            total memory allocated

Loading processor module C:\Program Files\IDA Professional 9.3\procs\pc.dll for metapc...OK
Loading type libraries...
Autoanalysis subsystem has been initialized.
Database for file 'Maplestory95.exe' has been loaded.
Hex-Rays Decompiler plugin has been loaded (v9.3.0.260421)
  The hotkeys are F5: decompile, Ctrl-F5: decompile all.

  Please check the Edit/Plugins menu for more information.
Hex-rays version 9.3.0.260421 has been detected, gooMBA plugin ready to use
Using type parser: legacy
tools/ida_xrefs.py: invalid literal for int() with base 16: 'CItemSpeakerDlg::OnCreate'
Traceback (most recent call last):
  File "C:\Program Files\IDA Professional 9.3\python\ida_idaapi.py", line 505, in IDAPython_ExecScript
    exec(code, g)
  File "tools/ida_xrefs.py", line 16, in <module>
    main()
  File "tools/ida_xrefs.py", line 5, in main
    addr = int(args[2], 16)
           ^^^^^^^^^^^^^^^^
ValueError: invalid literal for int() with base 16: 'CItemSpeakerDlg::OnCreate'
 -> OK
Flushing buffers, please wait...ok
Unloading IDP module C:\Program Files\IDA Professional 9.3\procs\pc.dll...IDA has found an unpacked version of database: C:\Users\jorge\OneDrive\Desktop\ts\Maplestory95.exe.i64
on the disk.

Should we proceed with the unpacked files?
 -> Pro~c~eed with unpacked base

  bytes   pages size description
--------- ----- ---- --------------------------------------------
 97959936 11958 8192 allocating memory for b-tree...
 53698560  6555 8192 allocating memory for virtual array...
   262144    32 8192 allocating memory for name pointers...
-----------------------------------------------------------------
151920640            total memory allocated

Loading processor module C:\Program Files\IDA Professional 9.3\procs\pc.dll for metapc...OK
Loading type libraries...
Autoanalysis subsystem has been initialized.
Database for file 'Maplestory95.exe' has been loaded.
Hex-Rays Decompiler plugin has been loaded (v9.3.0.260421)
  The hotkeys are F5: decompile, Ctrl-F5: decompile all.

  Please check the Edit/Plugins menu for more information.
Hex-rays version 9.3.0.260421 has been detected, gooMBA plugin ready to use
Using type parser: legacy
wrote tools/_out.json
Flushing buffers, please wait...ok
Unloading IDP module C:\Program Files\IDA Professional 9.3\procs\pc.dll...
  bytes   pages size description
--------- ----- ---- --------------------------------------------
 97959936 11958 8192 allocating memory for b-tree...
 53698560  6555 8192 allocating memory for virtual array...
   262144    32 8192 allocating memory for name pointers...
-----------------------------------------------------------------
151920640            total memory allocated

Loading processor module C:\Program Files\IDA Professional 9.3\procs\pc.dll for metapc...OK
Loading type libraries...
Autoanalysis subsystem has been initialized.
Database for file 'Maplestory95.exe' has been loaded.
Hex-Rays Decompiler plugin has been loaded (v9.3.0.260421)
  The hotkeys are F5: decompile, Ctrl-F5: decompile all.

  Please check the Edit/Plugins menu for more information.
Hex-rays version 9.3.0.260421 has been detected, gooMBA plugin ready to use
Using type parser: legacy
wrote tools/_out.json
Flushing buffers, please wait...ok
Unloading IDP module C:\Program Files\IDA Professional 9.3\procs\pc.dll...
  bytes   pages size description
--------- ----- ---- --------------------------------------------
 97959936 11958 8192 allocating memory for b-tree...
 53698560  6555 8192 allocating memory for virtual array...
   262144    32 8192 allocating memory for name pointers...
-----------------------------------------------------------------
151920640            total memory allocated

Loading processor module C:\Program Files\IDA Professional 9.3\procs\pc.dll for metapc...OK
Loading type libraries...
Autoanalysis subsystem has been initialized.
Database for file 'Maplestory95.exe' has been loaded.
Hex-Rays Decompiler plugin has been loaded (v9.3.0.260421)
  The hotkeys are F5: decompile, Ctrl-F5: decompile all.

  Please check the Edit/Plugins menu for more information.
Hex-rays version 9.3.0.260421 has been detected, gooMBA plugin ready to use
Using type parser: legacy
4FFD40: restored microcode from idb
4FFD40: restored pseudocode from idb
5C9AB0: restored microcode from idb
5C9AB0: restored pseudocode from idb
5C9B70: restored microcode from idb
5C9B70: restored pseudocode from idb
5C9BF0: restored microcode from idb
5C9BF0: restored pseudocode from idb
5C9C60: restored microcode from idb
5C9C60: restored pseudocode from idb
5C9E00: restored microcode from idb
5C9E00: restored pseudocode from idb
5C9E10: restored microcode from idb
5C9E10: restored pseudocode from idb
5C9E20: restored microcode from idb
5C9E20: restored pseudocode from idb
5C9E50: restored microcode from idb
5C9E50: restored pseudocode from idb
5C9E70: restored microcode from idb
5C9E70: restored pseudocode from idb
5CA0E0: restored microcode from idb
5CA0E0: restored pseudocode from idb
5CA210: restored microcode from idb
5CA210: restored pseudocode from idb
5CAB10: restored microcode from idb
5CAB10: restored pseudocode from idb
5CAB60: restored microcode from idb
5CAB60: restored pseudocode from idb
5CABA0: restored microcode from idb
5CABA0: restored pseudocode from idb
5CB7E0: restored microcode from idb
5CB7E0: restored pseudocode from idb
wrote tools/_out.json
Flushing buffers, please wait...ok
Unloading IDP module C:\Program Files\IDA Professional 9.3\procs\pc.dll...
  bytes   pages size description
--------- ----- ---- --------------------------------------------
 97959936 11958 8192 allocating memory for b-tree...
 53698560  6555 8192 allocating memory for virtual array...
   262144    32 8192 allocating memory for name pointers...
-----------------------------------------------------------------
151920640            total memory allocated

Loading processor module C:\Program Files\IDA Professional 9.3\procs\pc.dll for metapc...OK
Loading type libraries...
Autoanalysis subsystem has been initialized.
Database for file 'Maplestory95.exe' has been loaded.
Hex-Rays Decompiler plugin has been loaded (v9.3.0.260421)
  The hotkeys are F5: decompile, Ctrl-F5: decompile all.

  Please check the Edit/Plugins menu for more information.
Hex-rays version 9.3.0.260421 has been detected, gooMBA plugin ready to use
Using type parser: legacy
tools/ida_xrefs.py: invalid literal for int() with base 16: 'CItemSpeakerDlg::PutItem'
Traceback (most recent call last):
  File "C:\Program Files\IDA Professional 9.3\python\ida_idaapi.py", line 505, in IDAPython_ExecScript
    exec(code, g)
  File "tools/ida_xrefs.py", line 16, in <module>
    main()
  File "tools/ida_xrefs.py", line 5, in main
    addr = int(args[2], 16)
           ^^^^^^^^^^^^^^^^
ValueError: invalid literal for int() with base 16: 'CItemSpeakerDlg::PutItem'
 -> OK
Flushing buffers, please wait...ok
Unloading IDP module C:\Program Files\IDA Professional 9.3\procs\pc.dll...IDA has found an unpacked version of database: C:\Users\jorge\OneDrive\Desktop\ts\Maplestory95.exe.i64
on the disk.

Should we proceed with the unpacked files?
 -> Pro~c~eed with unpacked base

  bytes   pages size description
--------- ----- ---- --------------------------------------------
 97959936 11958 8192 allocating memory for b-tree...
 53698560  6555 8192 allocating memory for virtual array...
   262144    32 8192 allocating memory for name pointers...
-----------------------------------------------------------------
151920640            total memory allocated

Loading processor module C:\Program Files\IDA Professional 9.3\procs\pc.dll for metapc...OK
Loading type libraries...
Autoanalysis subsystem has been initialized.
Database for file 'Maplestory95.exe' has been loaded.
Hex-Rays Decompiler plugin has been loaded (v9.3.0.260421)
  The hotkeys are F5: decompile, Ctrl-F5: decompile all.

  Please check the Edit/Plugins menu for more information.
Hex-rays version 9.3.0.260421 has been detected, gooMBA plugin ready to use
Using type parser: legacy
tools/_q118.py: argument of type 'int' is not iterable
Traceback (most recent call last):
  File "C:\Program Files\IDA Professional 9.3\python\ida_idaapi.py", line 505, in IDAPython_ExecScript
    exec(code, g)
  File "tools/_q118.py", line 25, in <module>
    if 'TextAnalyzer' in name:
       ^^^^^^^^^^^^^^^^^^^^^^
TypeError: argument of type 'int' is not iterable
 -> OK
Flushing buffers, please wait...ok
Unloading IDP module C:\Program Files\IDA Professional 9.3\procs\pc.dll...IDA has found an unpacked version of database: C:\Users\jorge\OneDrive\Desktop\ts\Maplestory95.exe.i64
on the disk.

Should we proceed with the unpacked files?
 -> Pro~c~eed with unpacked base

  bytes   pages size description
--------- ----- ---- --------------------------------------------
 97959936 11958 8192 allocating memory for b-tree...
 53698560  6555 8192 allocating memory for virtual array...
   262144    32 8192 allocating memory for name pointers...
-----------------------------------------------------------------
151920640            total memory allocated

Loading processor module C:\Program Files\IDA Professional 9.3\procs\pc.dll for metapc...OK
Loading type libraries...
Autoanalysis subsystem has been initialized.
Database for file 'Maplestory95.exe' has been loaded.
Hex-Rays Decompiler plugin has been loaded (v9.3.0.260421)
  The hotkeys are F5: decompile, Ctrl-F5: decompile all.

  Please check the Edit/Plugins menu for more information.
Hex-rays version 9.3.0.260421 has been detected, gooMBA plugin ready to use
Using type parser: legacy
tools/ida_q118.py: argument of type 'int' is not iterable
Traceback (most recent call last):
  File "C:\Program Files\IDA Professional 9.3\python\ida_idaapi.py", line 505, in IDAPython_ExecScript
    exec(code, g)
  File "tools/ida_q118.py", line 8, in <module>
    if 'TextAnalyzer' in name or 'Phrase' in name:
       ^^^^^^^^^^^^^^^^^^^^^^
TypeError: argument of type 'int' is not iterable
 -> OK
Flushing buffers, please wait...ok
Unloading IDP module C:\Program Files\IDA Professional 9.3\procs\pc.dll...IDA has found an unpacked version of database: C:\Users\jorge\OneDrive\Desktop\ts\Maplestory95.exe.i64
on the disk.

Should we proceed with the unpacked files?
 -> Pro~c~eed with unpacked base

  bytes   pages size description
--------- ----- ---- --------------------------------------------
 97959936 11958 8192 allocating memory for b-tree...
 53698560  6555 8192 allocating memory for virtual array...
   262144    32 8192 allocating memory for name pointers...
-----------------------------------------------------------------
151920640            total memory allocated

Loading processor module C:\Program Files\IDA Professional 9.3\procs\pc.dll for metapc...OK
Loading type libraries...
Autoanalysis subsystem has been initialized.
Database for file 'Maplestory95.exe' has been loaded.
Hex-Rays Decompiler plugin has been loaded (v9.3.0.260421)
  The hotkeys are F5: decompile, Ctrl-F5: decompile all.

  Please check the Edit/Plugins menu for more information.
Hex-rays version 9.3.0.260421 has been detected, gooMBA plugin ready to use
Using type parser: legacy
97D650: restored microcode from idb
97D650: restored pseudocode from idb
wrote tools/_out.json
Flushing buffers, please wait...ok
Unloading IDP module C:\Program Files\IDA Professional 9.3\procs\pc.dll...
  bytes   pages size description
--------- ----- ---- --------------------------------------------
 97984512 11961 8192 allocating memory for b-tree...
 53698560  6555 8192 allocating memory for virtual array...
   262144    32 8192 allocating memory for name pointers...
-----------------------------------------------------------------
151945216            total memory allocated

Loading processor module C:\Program Files\IDA Professional 9.3\procs\pc.dll for metapc...OK
Loading type libraries...
Autoanalysis subsystem has been initialized.
Database for file 'Maplestory95.exe' has been loaded.
Hex-Rays Decompiler plugin has been loaded (v9.3.0.260421)
  The hotkeys are F5: decompile, Ctrl-F5: decompile all.

  Please check the Edit/Plugins menu for more information.
Hex-rays version 9.3.0.260421 has been detected, gooMBA plugin ready to use
Using type parser: legacy
97B370: restored microcode from idb
97B370: restored pseudocode from idb
97D320: restored microcode from idb
97D320: restored pseudocode from idb
97D620: restored microcode from idb
97D620: restored pseudocode from idb
97D650: restored microcode from idb
97D650: restored pseudocode from idb
97E990: restored microcode from idb
97E990: restored pseudocode from idb
9836B0: restored microcode from idb
9836B0: restored pseudocode from idb
wrote tools/_out.json
Flushing buffers, please wait...ok
Unloading IDP module C:\Program Files\IDA Professional 9.3\procs\pc.dll...
  bytes   pages size description
--------- ----- ---- --------------------------------------------
 98672640 12045 8192 allocating memory for b-tree...
 53698560  6555 8192 allocating memory for virtual array...
   262144    32 8192 allocating memory for name pointers...
-----------------------------------------------------------------
152633344            total memory allocated

Loading processor module C:\Program Files\IDA Professional 9.3\procs\pc.dll for metapc...OK
Loading type libraries...
Autoanalysis subsystem has been initialized.
Database for file 'Maplestory95.exe' has been loaded.
Hex-Rays Decompiler plugin has been loaded (v9.3.0.260421)
  The hotkeys are F5: decompile, Ctrl-F5: decompile all.

  Please check the Edit/Plugins menu for more information.
Hex-rays version 9.3.0.260421 has been detected, gooMBA plugin ready to use
Using type parser: legacy
987CC0: restored microcode from idb
987CC0: restored pseudocode from idb
wrote tools/_out.json
Flushing buffers, please wait...ok
Unloading IDP module C:\Program Files\IDA Professional 9.3\procs\pc.dll...
  bytes   pages size description
--------- ----- ---- --------------------------------------------
 98672640 12045 8192 allocating memory for b-tree...
 53698560  6555 8192 allocating memory for virtual array...
   262144    32 8192 allocating memory for name pointers...
-----------------------------------------------------------------
152633344            total memory allocated

Loading processor module C:\Program Files\IDA Professional 9.3\procs\pc.dll for metapc...OK
Loading type libraries...
Autoanalysis subsystem has been initialized.
Database for file 'Maplestory95.exe' has been loaded.
Hex-Rays Decompiler plugin has been loaded (v9.3.0.260421)
  The hotkeys are F5: decompile, Ctrl-F5: decompile all.

  Please check the Edit/Plugins menu for more information.
Hex-rays version 9.3.0.260421 has been detected, gooMBA plugin ready to use
Using type parser: legacy
9836B0: restored microcode from idb
9836B0: restored pseudocode from idb
97D620: restored microcode from idb
97D620: restored pseudocode from idb
wrote tools/_out.json
Flushing buffers, please wait...ok
Unloading IDP module C:\Program Files\IDA Professional 9.3\procs\pc.dll...
  bytes   pages size description
--------- ----- ---- --------------------------------------------
 98672640 12045 8192 allocating memory for b-tree...
 53698560  6555 8192 allocating memory for virtual array...
   262144    32 8192 allocating memory for name pointers...
-----------------------------------------------------------------
152633344            total memory allocated

Loading processor module C:\Program Files\IDA Professional 9.3\procs\pc.dll for metapc...OK
Loading type libraries...
Autoanalysis subsystem has been initialized.
Database for file 'Maplestory95.exe' has been loaded.
Hex-Rays Decompiler plugin has been loaded (v9.3.0.260421)
  The hotkeys are F5: decompile, Ctrl-F5: decompile all.

  Please check the Edit/Plugins menu for more information.
Hex-rays version 9.3.0.260421 has been detected, gooMBA plugin ready to use
Using type parser: legacy
wrote tools/_out.json
Flushing buffers, please wait...ok
Unloading IDP module C:\Program Files\IDA Professional 9.3\procs\pc.dll...
  bytes   pages size description
--------- ----- ---- --------------------------------------------
 98672640 12045 8192 allocating memory for b-tree...
 53698560  6555 8192 allocating memory for virtual array...
   262144    32 8192 allocating memory for name pointers...
-----------------------------------------------------------------
152633344            total memory allocated

Loading processor module C:\Program Files\IDA Professional 9.3\procs\pc.dll for metapc...OK
Loading type libraries...
Autoanalysis subsystem has been initialized.
Database for file 'Maplestory95.exe' has been loaded.
Hex-Rays Decompiler plugin has been loaded (v9.3.0.260421)
  The hotkeys are F5: decompile, Ctrl-F5: decompile all.

  Please check the Edit/Plugins menu for more information.
Hex-rays version 9.3.0.260421 has been detected, gooMBA plugin ready to use
Using type parser: legacy
wrote tools/_out.json
Flushing buffers, please wait...ok
Unloading IDP module C:\Program Files\IDA Professional 9.3\procs\pc.dll...
  bytes   pages size description
--------- ----- ---- --------------------------------------------
 99991552 12206 8192 allocating memory for b-tree...
 53698560  6555 8192 allocating memory for virtual array...
   262144    32 8192 allocating memory for name pointers...
-----------------------------------------------------------------
153952256            total memory allocated

Loading processor module C:\Program Files\IDA Professional 9.3\procs\pc.dll for metapc...OK
Loading type libraries...
Autoanalysis subsystem has been initialized.
Database for file 'Maplestory95.exe' has been loaded.
Hex-Rays Decompiler plugin has been loaded (v9.3.0.260421)
  The hotkeys are F5: decompile, Ctrl-F5: decompile all.

  Please check the Edit/Plugins menu for more information.
Hex-rays version 9.3.0.260421 has been detected, gooMBA plugin ready to use
Using type parser: legacy
65D510: restored microcode from idb
65D510: restored pseudocode from idb
wrote tools/_out.json
Flushing buffers, please wait...ok
Unloading IDP module C:\Program Files\IDA Professional 9.3\procs\pc.dll...
  bytes   pages size description
--------- ----- ---- --------------------------------------------
 99991552 12206 8192 allocating memory for b-tree...
 53698560  6555 8192 allocating memory for virtual array...
   262144    32 8192 allocating memory for name pointers...
-----------------------------------------------------------------
153952256            total memory allocated

Loading processor module C:\Program Files\IDA Professional 9.3\procs\pc.dll for metapc...OK
Loading type libraries...
Autoanalysis subsystem has been initialized.
Database for file 'Maplestory95.exe' has been loaded.
Hex-Rays Decompiler plugin has been loaded (v9.3.0.260421)
  The hotkeys are F5: decompile, Ctrl-F5: decompile all.

  Please check the Edit/Plugins menu for more information.
Hex-rays version 9.3.0.260421 has been detected, gooMBA plugin ready to use
Using type parser: legacy
wrote tools/_out.json
Flushing buffers, please wait...ok
Unloading IDP module C:\Program Files\IDA Professional 9.3\procs\pc.dll...
  bytes   pages size description
--------- ----- ---- --------------------------------------------
100089856 12218 8192 allocating memory for b-tree...
 53698560  6555 8192 allocating memory for virtual array...
   262144    32 8192 allocating memory for name pointers...
-----------------------------------------------------------------
154050560            total memory allocated

Loading processor module C:\Program Files\IDA Professional 9.3\procs\pc.dll for metapc...OK
Loading type libraries...
Autoanalysis subsystem has been initialized.
Database for file 'Maplestory95.exe' has been loaded.
Hex-Rays Decompiler plugin has been loaded (v9.3.0.260421)
  The hotkeys are F5: decompile, Ctrl-F5: decompile all.

  Please check the Edit/Plugins menu for more information.
Hex-rays version 9.3.0.260421 has been detected, gooMBA plugin ready to use
Using type parser: legacy
60F190: restored microcode from idb
60F190: restored pseudocode from idb
60EDF0: restored microcode from idb
60EDF0: restored pseudocode from idb
60EC80: restored microcode from idb
60EC80: restored pseudocode from idb
wrote tools/_out.json
Flushing buffers, please wait...ok
Unloading IDP module C:\Program Files\IDA Professional 9.3\procs\pc.dll...
  bytes   pages size description
--------- ----- ---- --------------------------------------------
100089856 12218 8192 allocating memory for b-tree...
 53698560  6555 8192 allocating memory for virtual array...
   262144    32 8192 allocating memory for name pointers...
-----------------------------------------------------------------
154050560            total memory allocated

Loading processor module C:\Program Files\IDA Professional 9.3\procs\pc.dll for metapc...OK
Loading type libraries...
Autoanalysis subsystem has been initialized.
Database for file 'Maplestory95.exe' has been loaded.
Hex-Rays Decompiler plugin has been loaded (v9.3.0.260421)
  The hotkeys are F5: decompile, Ctrl-F5: decompile all.

  Please check the Edit/Plugins menu for more information.
Hex-rays version 9.3.0.260421 has been detected, gooMBA plugin ready to use
Using type parser: legacy
60E520: restored microcode from idb
60E520: restored pseudocode from idb
60EA20: restored microcode from idb
60EA20: restored pseudocode from idb
wrote tools/_out.json
Flushing buffers, please wait...ok
Unloading IDP module C:\Program Files\IDA Professional 9.3\procs\pc.dll...
  bytes   pages size description
--------- ----- ---- --------------------------------------------
100089856 12218 8192 allocating memory for b-tree...
 53698560  6555 8192 allocating memory for virtual array...
   262144    32 8192 allocating memory for name pointers...
-----------------------------------------------------------------
154050560            total memory allocated

Loading processor module C:\Program Files\IDA Professional 9.3\procs\pc.dll for metapc...OK
Loading type libraries...
Autoanalysis subsystem has been initialized.
Database for file 'Maplestory95.exe' has been loaded.
Hex-Rays Decompiler plugin has been loaded (v9.3.0.260421)
  The hotkeys are F5: decompile, Ctrl-F5: decompile all.

  Please check the Edit/Plugins menu for more information.
Hex-rays version 9.3.0.260421 has been detected, gooMBA plugin ready to use
Using type parser: legacy
tools/ida_xref.py: argument of type 'int' is not iterable
Traceback (most recent call last):
  File "C:\Program Files\IDA Professional 9.3\python\ida_idaapi.py", line 505, in IDAPython_ExecScript
    exec(code, g)
  File "tools/ida_xref.py", line 30, in <module>
    if 'MACROSYSDATA' in name and 'Encode' in name:
       ^^^^^^^^^^^^^^^^^^^^^^
TypeError: argument of type 'int' is not iterable
 -> OK
Flushing buffers, please wait...ok
Unloading IDP module C:\Program Files\IDA Professional 9.3\procs\pc.dll...IDA has found an unpacked version of database: C:\Users\jorge\OneDrive\Desktop\ts\Maplestory95.exe.i64
on the disk.

Should we proceed with the unpacked files?
 -> Pro~c~eed with unpacked base

  bytes   pages size description
--------- ----- ---- --------------------------------------------
100089856 12218 8192 allocating memory for b-tree...
 53698560  6555 8192 allocating memory for virtual array...
   262144    32 8192 allocating memory for name pointers...
-----------------------------------------------------------------
154050560            total memory allocated

Loading processor module C:\Program Files\IDA Professional 9.3\procs\pc.dll for metapc...OK
Loading type libraries...
Autoanalysis subsystem has been initialized.
Database for file 'Maplestory95.exe' has been loaded.
Hex-Rays Decompiler plugin has been loaded (v9.3.0.260421)
  The hotkeys are F5: decompile, Ctrl-F5: decompile all.

  Please check the Edit/Plugins menu for more information.
Hex-rays version 9.3.0.260421 has been detected, gooMBA plugin ready to use
Using type parser: legacy
Flushing buffers, please wait...ok
Unloading IDP module C:\Program Files\IDA Professional 9.3\procs\pc.dll...
  bytes   pages size description
--------- ----- ---- --------------------------------------------
100089856 12218 8192 allocating memory for b-tree...
 53698560  6555 8192 allocating memory for virtual array...
   262144    32 8192 allocating memory for name pointers...
-----------------------------------------------------------------
154050560            total memory allocated

Loading processor module C:\Program Files\IDA Professional 9.3\procs\pc.dll for metapc...OK
Loading type libraries...
Autoanalysis subsystem has been initialized.
Database for file 'Maplestory95.exe' has been loaded.
Hex-Rays Decompiler plugin has been loaded (v9.3.0.260421)
  The hotkeys are F5: decompile, Ctrl-F5: decompile all.

  Please check the Edit/Plugins menu for more information.
Hex-rays version 9.3.0.260421 has been detected, gooMBA plugin ready to use
Using type parser: legacy
wrote tools/_out.json
Flushing buffers, please wait...ok
Unloading IDP module C:\Program Files\IDA Professional 9.3\procs\pc.dll...
  bytes   pages size description
--------- ----- ---- --------------------------------------------
100163584 12227 8192 allocating memory for b-tree...
 53698560  6555 8192 allocating memory for virtual array...
   262144    32 8192 allocating memory for name pointers...
-----------------------------------------------------------------
154124288            total memory allocated

Loading processor module C:\Program Files\IDA Professional 9.3\procs\pc.dll for metapc...OK
Loading type libraries...
Autoanalysis subsystem has been initialized.
Database for file 'Maplestory95.exe' has been loaded.
Hex-Rays Decompiler plugin has been loaded (v9.3.0.260421)
  The hotkeys are F5: decompile, Ctrl-F5: decompile all.

  Please check the Edit/Plugins menu for more information.
Hex-rays version 9.3.0.260421 has been detected, gooMBA plugin ready to use
Using type parser: legacy
wrote tools/_out.json
Flushing buffers, please wait...ok
Unloading IDP module C:\Program Files\IDA Professional 9.3\procs\pc.dll...
  bytes   pages size description
--------- ----- ---- --------------------------------------------
100163584 12227 8192 allocating memory for b-tree...
 53698560  6555 8192 allocating memory for virtual array...
   262144    32 8192 allocating memory for name pointers...
-----------------------------------------------------------------
154124288            total memory allocated

Loading processor module C:\Program Files\IDA Professional 9.3\procs\pc.dll for metapc...OK
Loading type libraries...
Autoanalysis subsystem has been initialized.
Database for file 'Maplestory95.exe' has been loaded.
Hex-Rays Decompiler plugin has been loaded (v9.3.0.260421)
  The hotkeys are F5: decompile, Ctrl-F5: decompile all.

  Please check the Edit/Plugins menu for more information.
Hex-rays version 9.3.0.260421 has been detected, gooMBA plugin ready to use
Using type parser: legacy
wrote tools/_out.json
Flushing buffers, please wait...ok
Unloading IDP module C:\Program Files\IDA Professional 9.3\procs\pc.dll...
  bytes   pages size description
--------- ----- ---- --------------------------------------------
100220928 12234 8192 allocating memory for b-tree...
 53698560  6555 8192 allocating memory for virtual array...
   262144    32 8192 allocating memory for name pointers...
-----------------------------------------------------------------
154181632            total memory allocated

Loading processor module C:\Program Files\IDA Professional 9.3\procs\pc.dll for metapc...OK
Loading type libraries...
Autoanalysis subsystem has been initialized.
Database for file 'Maplestory95.exe' has been loaded.
Hex-Rays Decompiler plugin has been loaded (v9.3.0.260421)
  The hotkeys are F5: decompile, Ctrl-F5: decompile all.

  Please check the Edit/Plugins menu for more information.
Hex-rays version 9.3.0.260421 has been detected, gooMBA plugin ready to use
Using type parser: legacy
568600: restored microcode from idb
568600: restored pseudocode from idb
wrote tools/_out.json
Flushing buffers, please wait...ok
Unloading IDP module C:\Program Files\IDA Professional 9.3\procs\pc.dll...
  bytes   pages size description
--------- ----- ---- --------------------------------------------
100220928 12234 8192 allocating memory for b-tree...
 53698560  6555 8192 allocating memory for virtual array...
   262144    32 8192 allocating memory for name pointers...
-----------------------------------------------------------------
154181632            total memory allocated

Loading processor module C:\Program Files\IDA Professional 9.3\procs\pc.dll for metapc...OK
Loading type libraries...
Autoanalysis subsystem has been initialized.
Database for file 'Maplestory95.exe' has been loaded.
Hex-Rays Decompiler plugin has been loaded (v9.3.0.260421)
  The hotkeys are F5: decompile, Ctrl-F5: decompile all.

  Please check the Edit/Plugins menu for more information.
Hex-rays version 9.3.0.260421 has been detected, gooMBA plugin ready to use
Using type parser: legacy
Flushing buffers, please wait...ok
Unloading IDP module C:\Program Files\IDA Professional 9.3\procs\pc.dll...
  bytes   pages size description
--------- ----- ---- --------------------------------------------
100220928 12234 8192 allocating memory for b-tree...
 53698560  6555 8192 allocating memory for virtual array...
   262144    32 8192 allocating memory for name pointers...
-----------------------------------------------------------------
154181632            total memory allocated

Loading processor module C:\Program Files\IDA Professional 9.3\procs\pc.dll for metapc...OK
Loading type libraries...
Autoanalysis subsystem has been initialized.
Database for file 'Maplestory95.exe' has been loaded.
Hex-Rays Decompiler plugin has been loaded (v9.3.0.260421)
  The hotkeys are F5: decompile, Ctrl-F5: decompile all.

  Please check the Edit/Plugins menu for more information.
Hex-rays version 9.3.0.260421 has been detected, gooMBA plugin ready to use
Using type parser: legacy
Flushing buffers, please wait...ok
Unloading IDP module C:\Program Files\IDA Professional 9.3\procs\pc.dll...
  bytes   pages size description
--------- ----- ---- --------------------------------------------
100220928 12234 8192 allocating memory for b-tree...
 53698560  6555 8192 allocating memory for virtual array...
   262144    32 8192 allocating memory for name pointers...
-----------------------------------------------------------------
154181632            total memory allocated

Loading processor module C:\Program Files\IDA Professional 9.3\procs\pc.dll for metapc...OK
Loading type libraries...
Autoanalysis subsystem has been initialized.
Database for file 'Maplestory95.exe' has been loaded.
Hex-Rays Decompiler plugin has been loaded (v9.3.0.260421)
  The hotkeys are F5: decompile, Ctrl-F5: decompile all.

  Please check the Edit/Plugins menu for more information.
Hex-rays version 9.3.0.260421 has been detected, gooMBA plugin ready to use
Using type parser: legacy
Flushing buffers, please wait...ok
Unloading IDP module C:\Program Files\IDA Professional 9.3\procs\pc.dll...
  bytes   pages size description
--------- ----- ---- --------------------------------------------
100220928 12234 8192 allocating memory for b-tree...
 53698560  6555 8192 allocating memory for virtual array...
   262144    32 8192 allocating memory for name pointers...
-----------------------------------------------------------------
154181632            total memory allocated

Loading processor module C:\Program Files\IDA Professional 9.3\procs\pc.dll for metapc...OK
Loading type libraries...
Autoanalysis subsystem has been initialized.
Database for file 'Maplestory95.exe' has been loaded.
Hex-Rays Decompiler plugin has been loaded (v9.3.0.260421)
  The hotkeys are F5: decompile, Ctrl-F5: decompile all.

  Please check the Edit/Plugins menu for more information.
Hex-rays version 9.3.0.260421 has been detected, gooMBA plugin ready to use
Using type parser: legacy
Flushing buffers, please wait...ok
Unloading IDP module C:\Program Files\IDA Professional 9.3\procs\pc.dll...
  bytes   pages size description
--------- ----- ---- --------------------------------------------
100220928 12234 8192 allocating memory for b-tree...
 53698560  6555 8192 allocating memory for virtual array...
   262144    32 8192 allocating memory for name pointers...
-----------------------------------------------------------------
154181632            total memory allocated

Loading processor module C:\Program Files\IDA Professional 9.3\procs\pc.dll for metapc...OK
Loading type libraries...
Autoanalysis subsystem has been initialized.
Database for file 'Maplestory95.exe' has been loaded.
Hex-Rays Decompiler plugin has been loaded (v9.3.0.260421)
  The hotkeys are F5: decompile, Ctrl-F5: decompile all.

  Please check the Edit/Plugins menu for more information.
Hex-rays version 9.3.0.260421 has been detected, gooMBA plugin ready to use
Using type parser: legacy
Flushing buffers, please wait...ok
Unloading IDP module C:\Program Files\IDA Professional 9.3\procs\pc.dll...
  bytes   pages size description
--------- ----- ---- --------------------------------------------
100220928 12234 8192 allocating memory for b-tree...
 53698560  6555 8192 allocating memory for virtual array...
   262144    32 8192 allocating memory for name pointers...
-----------------------------------------------------------------
154181632            total memory allocated

Loading processor module C:\Program Files\IDA Professional 9.3\procs\pc.dll for metapc...OK
Loading type libraries...
Autoanalysis subsystem has been initialized.
Database for file 'Maplestory95.exe' has been loaded.
Hex-Rays Decompiler plugin has been loaded (v9.3.0.260421)
  The hotkeys are F5: decompile, Ctrl-F5: decompile all.

  Please check the Edit/Plugins menu for more information.
Hex-rays version 9.3.0.260421 has been detected, gooMBA plugin ready to use
Using type parser: legacy
Flushing buffers, please wait...ok
Unloading IDP module C:\Program Files\IDA Professional 9.3\procs\pc.dll...
  bytes   pages size description
--------- ----- ---- --------------------------------------------
100220928 12234 8192 allocating memory for b-tree...
 53698560  6555 8192 allocating memory for virtual array...
   262144    32 8192 allocating memory for name pointers...
-----------------------------------------------------------------
154181632            total memory allocated

Loading processor module C:\Program Files\IDA Professional 9.3\procs\pc.dll for metapc...OK
Loading type libraries...
Autoanalysis subsystem has been initialized.
Database for file 'Maplestory95.exe' has been loaded.
Hex-Rays Decompiler plugin has been loaded (v9.3.0.260421)
  The hotkeys are F5: decompile, Ctrl-F5: decompile all.

  Please check the Edit/Plugins menu for more information.
Hex-rays version 9.3.0.260421 has been detected, gooMBA plugin ready to use
Using type parser: legacy
Flushing buffers, please wait...ok
Unloading IDP module C:\Program Files\IDA Professional 9.3\procs\pc.dll...
  bytes   pages size description
--------- ----- ---- --------------------------------------------
100220928 12234 8192 allocating memory for b-tree...
 53698560  6555 8192 allocating memory for virtual array...
   262144    32 8192 allocating memory for name pointers...
-----------------------------------------------------------------
154181632            total memory allocated

Loading processor module C:\Program Files\IDA Professional 9.3\procs\pc.dll for metapc...OK
Loading type libraries...
Autoanalysis subsystem has been initialized.
Database for file 'Maplestory95.exe' has been loaded.
Hex-Rays Decompiler plugin has been loaded (v9.3.0.260421)
  The hotkeys are F5: decompile, Ctrl-F5: decompile all.

  Please check the Edit/Plugins menu for more information.
Hex-rays version 9.3.0.260421 has been detected, gooMBA plugin ready to use
Using type parser: legacy
Flushing buffers, please wait...ok
Unloading IDP module C:\Program Files\IDA Professional 9.3\procs\pc.dll...
  bytes   pages size description
--------- ----- ---- --------------------------------------------
100220928 12234 8192 allocating memory for b-tree...
 53698560  6555 8192 allocating memory for virtual array...
   262144    32 8192 allocating memory for name pointers...
-----------------------------------------------------------------
154181632            total memory allocated

Loading processor module C:\Program Files\IDA Professional 9.3\procs\pc.dll for metapc...OK
Loading type libraries...
Autoanalysis subsystem has been initialized.
Database for file 'Maplestory95.exe' has been loaded.
Hex-Rays Decompiler plugin has been loaded (v9.3.0.260421)
  The hotkeys are F5: decompile, Ctrl-F5: decompile all.

  Please check the Edit/Plugins menu for more information.
Hex-rays version 9.3.0.260421 has been detected, gooMBA plugin ready to use
Using type parser: legacy
Flushing buffers, please wait...ok
Unloading IDP module C:\Program Files\IDA Professional 9.3\procs\pc.dll...
  bytes   pages size description
--------- ----- ---- --------------------------------------------
100220928 12234 8192 allocating memory for b-tree...
 53698560  6555 8192 allocating memory for virtual array...
   262144    32 8192 allocating memory for name pointers...
-----------------------------------------------------------------
154181632            total memory allocated

Loading processor module C:\Program Files\IDA Professional 9.3\procs\pc.dll for metapc...OK
Loading type libraries...
Autoanalysis subsystem has been initialized.
Database for file 'Maplestory95.exe' has been loaded.
Hex-Rays Decompiler plugin has been loaded (v9.3.0.260421)
  The hotkeys are F5: decompile, Ctrl-F5: decompile all.

  Please check the Edit/Plugins menu for more information.
Hex-rays version 9.3.0.260421 has been detected, gooMBA plugin ready to use
Using type parser: legacy
Auto analysis completed
Flushing buffers, please wait...ok
Unloading IDP module C:\Program Files\IDA Professional 9.3\procs\pc.dll...
  bytes   pages size description
--------- ----- ---- --------------------------------------------
100220928 12234 8192 allocating memory for b-tree...
 53698560  6555 8192 allocating memory for virtual array...
   262144    32 8192 allocating memory for name pointers...
-----------------------------------------------------------------
154181632            total memory allocated

Loading processor module C:\Program Files\IDA Professional 9.3\procs\pc.dll for metapc...OK
Loading type libraries...
Autoanalysis subsystem has been initialized.
Database for file 'Maplestory95.exe' has been loaded.
Hex-Rays Decompiler plugin has been loaded (v9.3.0.260421)
  The hotkeys are F5: decompile, Ctrl-F5: decompile all.

  Please check the Edit/Plugins menu for more information.
Hex-rays version 9.3.0.260421 has been detected, gooMBA plugin ready to use
Using type parser: legacy
Auto analysis completed
Flushing buffers, please wait...ok
Unloading IDP module C:\Program Files\IDA Professional 9.3\procs\pc.dll...
  bytes   pages size description
--------- ----- ---- --------------------------------------------
100220928 12234 8192 allocating memory for b-tree...
 53698560  6555 8192 allocating memory for virtual array...
   262144    32 8192 allocating memory for name pointers...
-----------------------------------------------------------------
154181632            total memory allocated

Loading processor module C:\Program Files\IDA Professional 9.3\procs\pc.dll for metapc...OK
Loading type libraries...
Autoanalysis subsystem has been initialized.
Database for file 'Maplestory95.exe' has been loaded.
Hex-Rays Decompiler plugin has been loaded (v9.3.0.260421)
  The hotkeys are F5: decompile, Ctrl-F5: decompile all.

  Please check the Edit/Plugins menu for more information.
Hex-rays version 9.3.0.260421 has been detected, gooMBA plugin ready to use
Using type parser: legacy
Auto analysis completed
Flushing buffers, please wait...ok
Unloading IDP module C:\Program Files\IDA Professional 9.3\procs\pc.dll...
  bytes   pages size description
--------- ----- ---- --------------------------------------------
100220928 12234 8192 allocating memory for b-tree...
 53698560  6555 8192 allocating memory for virtual array...
   262144    32 8192 allocating memory for name pointers...
-----------------------------------------------------------------
154181632            total memory allocated

Loading processor module C:\Program Files\IDA Professional 9.3\procs\pc.dll for metapc...OK
Loading type libraries...
Autoanalysis subsystem has been initialized.
Database for file 'Maplestory95.exe' has been loaded.
Hex-Rays Decompiler plugin has been loaded (v9.3.0.260421)
  The hotkeys are F5: decompile, Ctrl-F5: decompile all.

  Please check the Edit/Plugins menu for more information.
Hex-rays version 9.3.0.260421 has been detected, gooMBA plugin ready to use
Using type parser: legacy
Auto analysis completed
Flushing buffers, please wait...ok
Unloading IDP module C:\Program Files\IDA Professional 9.3\procs\pc.dll...
  bytes   pages size description
--------- ----- ---- --------------------------------------------
100220928 12234 8192 allocating memory for b-tree...
 53698560  6555 8192 allocating memory for virtual array...
   262144    32 8192 allocating memory for name pointers...
-----------------------------------------------------------------
154181632            total memory allocated

Loading processor module C:\Program Files\IDA Professional 9.3\procs\pc.dll for metapc...OK
Loading type libraries...
Autoanalysis subsystem has been initialized.
Database for file 'Maplestory95.exe' has been loaded.
Hex-Rays Decompiler plugin has been loaded (v9.3.0.260421)
  The hotkeys are F5: decompile, Ctrl-F5: decompile all.

  Please check the Edit/Plugins menu for more information.
Hex-rays version 9.3.0.260421 has been detected, gooMBA plugin ready to use
Using type parser: legacy
Auto analysis completed
Flushing buffers, please wait...ok
Unloading IDP module C:\Program Files\IDA Professional 9.3\procs\pc.dll...IDA has found an unpacked version of database: C:\Users\jorge\OneDrive\Desktop\ts\Maplestory95.exe.i64
on the disk.
It appears IDA did not close properly;
it is probably safer to restart your work from the packed database -> ~R~estore packed base
C:\Users\jorge\OneDrive\Desktop\ts\Maplestory95.exe.id0: Permission denied -> OK
Database initialization failed with error 4
Open database failed with result: 4
 -> OKIDA has found an unpacked version of database: C:\Users\jorge\OneDrive\Desktop\ts\Maplestory95.exe.i64
on the disk.
It appears IDA did not close properly;
it is probably safer to restart your work from the packed database -> ~R~estore packed base
C:\Users\jorge\OneDrive\Desktop\ts\Maplestory95.exe.id0: Permission denied -> OK
Database initialization failed with error 4
Open database failed with result: 4
 -> OK