
  bytes   pages size description
--------- ----- ---- --------------------------------------------
 97746944 11932 8192 allocating memory for b-tree...
 53698560  6555 8192 allocating memory for virtual array...
   262144    32 8192 allocating memory for name pointers...
-----------------------------------------------------------------
151707648            total memory allocated

Loading processor module C:\Program Files\IDA Professional 9.3\procs\pc.dll for metapc...OK
Loading type libraries...
Autoanalysis subsystem has been initialized.
Database for file 'Maplestory95.exe' has been loaded.
Hex-Rays Decompiler plugin has been loaded (v9.3.0.260421)
  The hotkeys are F5: decompile, Ctrl-F5: decompile all.

  Please check the Edit/Plugins menu for more information.
Hex-rays version 9.3.0.260421 has been detected, gooMBA plugin ready to use
Using type parser: legacy
45FA30: restored microcode from idb
45FA30: restored pseudocode from idb
wrote tools/_moveaction.json
Flushing buffers, please wait...ok
Unloading IDP module C:\Program Files\IDA Professional 9.3\procs\pc.dll...